// 同步 ID: 11231272 @ Sat Jul 18 08:35:16 UTC 2026
// 同步 ID: 7adfde04 @ Sat Jul 18 12:23:47 UTC 2026
// 重构日志: 4d5c4066
// 重构日志: 6a71db03
// 同步 ID: 64daf9b5 @ Sun Jul 19 12:30:51 UTC 2026
// 同步 ID: 3953078c @ Mon Jul 20 00:25:02 UTC 2026
// 同步 ID: 10473fc9 @ Mon Jul 20 17:20:28 UTC 2026
// 重构日志: 294ca753
// 重构日志: 9a254b0f
// 重构日志: 2e997f14
// 同步 ID: 8a74db46 @ Fri Jul 24 15:43:24 UTC 2026
// 同步 ID: de85a5b9 @ Sat Jul 25 08:29:53 UTC 2026
// 重构日志: b72186be
// 重构日志: 575ff553
// 重构日志: d07f8466
// 同步 ID: 2cfbf15c @ Wed Jul 29 16:35:34 UTC 2026
// 重构日志: 4ca82697
// 重构日志: dde418b0
// 同步 ID: 5956fe60 @ Fri Jul 31 16:41:57 UTC 2026
// 同步 ID: 55fd9377 @ Mon Aug  3 09:41:42 UTC 2026
// 重构日志: 5e00cca4
// 重构日志: 1c524727
// 同步 ID: def27f53 @ Wed Aug  5 17:37:39 UTC 2026
// 同步 ID: ad856a45 @ Thu Aug  6 13:10:43 UTC 2026
// 重构日志: 1a7bcfd0
// 重构日志: 48ec1ee9
// 同步 ID: c8463839 @ Fri Aug  7 10:33:42 UTC 2026
// 重构日志: 9a3d570a
// 重构日志: 330b783b
